/Users/asanumawatarushi/Documents/東大天文部/あくとう/output/akutou_sky/src/akutou_sky/explorer.py:126: SyntaxWarning: invalid escape sequence '\/'
  payload_text = (directory/'data.json').read_text(encoding='utf-8').replace('</', '<\/')
1/64 urban: dry AOD=0, fog AOD=0 (computed)
2/64 urban: dry AOD=0, fog AOD=0.05 (computed)
3/64 urban: dry AOD=0, fog AOD=0.2 (computed)
4/64 urban: dry AOD=0, fog AOD=0.8 (computed)
5/64 urban: dry AOD=0.03, fog AOD=0 (computed)
6/64 urban: dry AOD=0.03, fog AOD=0.05 (computed)
7/64 urban: dry AOD=0.03, fog AOD=0.2 (computed)
8/64 urban: dry AOD=0.03, fog AOD=0.8 (computed)
9/64 urban: dry AOD=0.1, fog AOD=0 (computed)
10/64 urban: dry AOD=0.1, fog AOD=0.05 (computed)
11/64 urban: dry AOD=0.1, fog AOD=0.2 (computed)
12/64 urban: dry AOD=0.1, fog AOD=0.8 (computed)
13/64 urban: dry AOD=0.3, fog AOD=0 (computed)
14/64 urban: dry AOD=0.3, fog AOD=0.05 (computed)
15/64 urban: dry AOD=0.3, fog AOD=0.2 (computed)
16/64 urban: dry AOD=0.3, fog AOD=0.8 (computed)
17/64 rural: dry AOD=0, fog AOD=0 (computed)
18/64 rural: dry AOD=0, fog AOD=0.05 (computed)
19/64 rural: dry AOD=0, fog AOD=0.2 (computed)
20/64 rural: dry AOD=0, fog AOD=0.8 (computed)
21/64 rural: dry AOD=0.03, fog AOD=0 (computed)
22/64 rural: dry AOD=0.03, fog AOD=0.05 (computed)
23/64 rural: dry AOD=0.03, fog AOD=0.2 (computed)
24/64 rural: dry AOD=0.03, fog AOD=0.8 (computed)
25/64 rural: dry AOD=0.1, fog AOD=0 (computed)
26/64 rural: dry AOD=0.1, fog AOD=0.05 (computed)
27/64 rural: dry AOD=0.1, fog AOD=0.2 (computed)
28/64 rural: dry AOD=0.1, fog AOD=0.8 (computed)
29/64 rural: dry AOD=0.3, fog AOD=0 (computed)
30/64 rural: dry AOD=0.3, fog AOD=0.05 (computed)
31/64 rural: dry AOD=0.3, fog AOD=0.2 (computed)
32/64 rural: dry AOD=0.3, fog AOD=0.8 (computed)
33/64 humid: dry AOD=0, fog AOD=0 (computed)
34/64 humid: dry AOD=0, fog AOD=0.05 (computed)
35/64 humid: dry AOD=0, fog AOD=0.2 (computed)
36/64 humid: dry AOD=0, fog AOD=0.8 (computed)
37/64 humid: dry AOD=0.03, fog AOD=0 (computed)
38/64 humid: dry AOD=0.03, fog AOD=0.05 (computed)
39/64 humid: dry AOD=0.03, fog AOD=0.2 (computed)
40/64 humid: dry AOD=0.03, fog AOD=0.8 (computed)
41/64 humid: dry AOD=0.1, fog AOD=0 (computed)
42/64 humid: dry AOD=0.1, fog AOD=0.05 (computed)
43/64 humid: dry AOD=0.1, fog AOD=0.2 (computed)
44/64 humid: dry AOD=0.1, fog AOD=0.8 (computed)
45/64 humid: dry AOD=0.3, fog AOD=0 (computed)
46/64 humid: dry AOD=0.3, fog AOD=0.05 (computed)
47/64 humid: dry AOD=0.3, fog AOD=0.2 (computed)
48/64 humid: dry AOD=0.3, fog AOD=0.8 (computed)
49/64 dry: dry AOD=0, fog AOD=0 (computed)
50/64 dry: dry AOD=0, fog AOD=0.05 (computed)
51/64 dry: dry AOD=0, fog AOD=0.2 (computed)
52/64 dry: dry AOD=0, fog AOD=0.8 (computed)
53/64 dry: dry AOD=0.03, fog AOD=0 (computed)
54/64 dry: dry AOD=0.03, fog AOD=0.05 (computed)
55/64 dry: dry AOD=0.03, fog AOD=0.2 (computed)
56/64 dry: dry AOD=0.03, fog AOD=0.8 (computed)
57/64 dry: dry AOD=0.1, fog AOD=0 (computed)
58/64 dry: dry AOD=0.1, fog AOD=0.05 (computed)
59/64 dry: dry AOD=0.1, fog AOD=0.2 (computed)
60/64 dry: dry AOD=0.1, fog AOD=0.8 (computed)
61/64 dry: dry AOD=0.3, fog AOD=0 (computed)
62/64 dry: dry AOD=0.3, fog AOD=0.05 (computed)
63/64 dry: dry AOD=0.3, fog AOD=0.2 (computed)
64/64 dry: dry AOD=0.3, fog AOD=0.8 (computed)
output/akutou_sky/results/atmosphere_explorer
