/Users/asanumawatarushi/Documents/東大天文部/あくとう/output/akutou_sky/src/akutou_sky/explorer.py:137: SyntaxWarning: invalid escape sequence '\/'
  payload_text = (directory/'data.json').read_text(encoding='utf-8').replace('</', '<\/')
1/64 urban: dry AOD=0, fog AOD=0 (verified cache)
2/64 urban: dry AOD=0, fog AOD=0.05 (verified cache)
3/64 urban: dry AOD=0, fog AOD=0.2 (verified cache)
4/64 urban: dry AOD=0, fog AOD=0.8 (verified cache)
5/64 urban: dry AOD=0.03, fog AOD=0 (verified cache)
6/64 urban: dry AOD=0.03, fog AOD=0.05 (verified cache)
7/64 urban: dry AOD=0.03, fog AOD=0.2 (verified cache)
8/64 urban: dry AOD=0.03, fog AOD=0.8 (verified cache)
9/64 urban: dry AOD=0.1, fog AOD=0 (verified cache)
10/64 urban: dry AOD=0.1, fog AOD=0.05 (verified cache)
11/64 urban: dry AOD=0.1, fog AOD=0.2 (verified cache)
12/64 urban: dry AOD=0.1, fog AOD=0.8 (verified cache)
13/64 urban: dry AOD=0.3, fog AOD=0 (verified cache)
14/64 urban: dry AOD=0.3, fog AOD=0.05 (verified cache)
15/64 urban: dry AOD=0.3, fog AOD=0.2 (verified cache)
16/64 urban: dry AOD=0.3, fog AOD=0.8 (verified cache)
17/64 rural: dry AOD=0, fog AOD=0 (verified cache)
18/64 rural: dry AOD=0, fog AOD=0.05 (verified cache)
19/64 rural: dry AOD=0, fog AOD=0.2 (verified cache)
20/64 rural: dry AOD=0, fog AOD=0.8 (verified cache)
21/64 rural: dry AOD=0.03, fog AOD=0 (verified cache)
22/64 rural: dry AOD=0.03, fog AOD=0.05 (verified cache)
23/64 rural: dry AOD=0.03, fog AOD=0.2 (verified cache)
24/64 rural: dry AOD=0.03, fog AOD=0.8 (verified cache)
25/64 rural: dry AOD=0.1, fog AOD=0 (verified cache)
26/64 rural: dry AOD=0.1, fog AOD=0.05 (verified cache)
27/64 rural: dry AOD=0.1, fog AOD=0.2 (verified cache)
28/64 rural: dry AOD=0.1, fog AOD=0.8 (verified cache)
29/64 rural: dry AOD=0.3, fog AOD=0 (verified cache)
30/64 rural: dry AOD=0.3, fog AOD=0.05 (verified cache)
31/64 rural: dry AOD=0.3, fog AOD=0.2 (verified cache)
32/64 rural: dry AOD=0.3, fog AOD=0.8 (verified cache)
33/64 humid: dry AOD=0, fog AOD=0 (verified cache)
34/64 humid: dry AOD=0, fog AOD=0.05 (verified cache)
35/64 humid: dry AOD=0, fog AOD=0.2 (verified cache)
36/64 humid: dry AOD=0, fog AOD=0.8 (verified cache)
37/64 humid: dry AOD=0.03, fog AOD=0 (verified cache)
38/64 humid: dry AOD=0.03, fog AOD=0.05 (verified cache)
39/64 humid: dry AOD=0.03, fog AOD=0.2 (verified cache)
40/64 humid: dry AOD=0.03, fog AOD=0.8 (verified cache)
41/64 humid: dry AOD=0.1, fog AOD=0 (verified cache)
42/64 humid: dry AOD=0.1, fog AOD=0.05 (verified cache)
43/64 humid: dry AOD=0.1, fog AOD=0.2 (verified cache)
44/64 humid: dry AOD=0.1, fog AOD=0.8 (verified cache)
45/64 humid: dry AOD=0.3, fog AOD=0 (verified cache)
46/64 humid: dry AOD=0.3, fog AOD=0.05 (verified cache)
47/64 humid: dry AOD=0.3, fog AOD=0.2 (verified cache)
48/64 humid: dry AOD=0.3, fog AOD=0.8 (verified cache)
49/64 dry: dry AOD=0, fog AOD=0 (verified cache)
50/64 dry: dry AOD=0, fog AOD=0.05 (verified cache)
51/64 dry: dry AOD=0, fog AOD=0.2 (verified cache)
52/64 dry: dry AOD=0, fog AOD=0.8 (verified cache)
53/64 dry: dry AOD=0.03, fog AOD=0 (verified cache)
54/64 dry: dry AOD=0.03, fog AOD=0.05 (verified cache)
55/64 dry: dry AOD=0.03, fog AOD=0.2 (verified cache)
56/64 dry: dry AOD=0.03, fog AOD=0.8 (verified cache)
57/64 dry: dry AOD=0.1, fog AOD=0 (verified cache)
58/64 dry: dry AOD=0.1, fog AOD=0.05 (verified cache)
59/64 dry: dry AOD=0.1, fog AOD=0.2 (verified cache)
60/64 dry: dry AOD=0.1, fog AOD=0.8 (verified cache)
61/64 dry: dry AOD=0.3, fog AOD=0 (verified cache)
62/64 dry: dry AOD=0.3, fog AOD=0.05 (verified cache)
63/64 dry: dry AOD=0.3, fog AOD=0.2 (verified cache)
64/64 dry: dry AOD=0.3, fog AOD=0.8 (verified cache)
results/atmosphere_explorer
