running bdist_wheel
running build
running build_py
copying src/akutou_sky/config.py -> build/lib/akutou_sky
copying src/akutou_sky/model.py -> build/lib/akutou_sky
copying src/akutou_sky/explorer.py -> build/lib/akutou_sky
copying src/akutou_sky/cli.py -> build/lib/akutou_sky
copying src/akutou_sky/validation.py -> build/lib/akutou_sky
running egg_info
writing src/akutou_sky.egg-info/PKG-INFO
writing dependency_links to src/akutou_sky.egg-info/dependency_links.txt
writing entry points to src/akutou_sky.egg-info/entry_points.txt
writing requirements to src/akutou_sky.egg-info/requires.txt
writing top-level names to src/akutou_sky.egg-info/top_level.txt
reading manifest file 'src/akutou_sky.egg-info/SOURCES.txt'
reading manifest template 'MANIFEST.in'
warning: no previously-included files matching '__pycache__' found anywhere in distribution
warning: no previously-included files matching '*.py[cod]' found anywhere in distribution
warning: no previously-included files matching '.DS_Store' found anywhere in distribution
writing manifest file 'src/akutou_sky.egg-info/SOURCES.txt'
copying src/akutou_sky/templates/atmosphere_explorer.html -> build/lib/akutou_sky/templates
installing to build/bdist.macosx-10.13-universal2/wheel
running install
running install_lib
creating build/bdist.macosx-10.13-universal2/wheel
creating build/bdist.macosx-10.13-universal2/wheel/akutou_sky
copying build/lib/akutou_sky/config.py -> build/bdist.macosx-10.13-universal2/wheel/./akutou_sky
copying build/lib/akutou_sky/_version.py -> build/bdist.macosx-10.13-universal2/wheel/./akutou_sky
copying build/lib/akutou_sky/plotting.py -> build/bdist.macosx-10.13-universal2/wheel/./akutou_sky
copying build/lib/akutou_sky/io.py -> build/bdist.macosx-10.13-universal2/wheel/./akutou_sky
copying build/lib/akutou_sky/delta_m.py -> build/bdist.macosx-10.13-universal2/wheel/./akutou_sky
copying build/lib/akutou_sky/__init__.py -> build/bdist.macosx-10.13-universal2/wheel/./akutou_sky
copying build/lib/akutou_sky/export.py -> build/bdist.macosx-10.13-universal2/wheel/./akutou_sky
copying build/lib/akutou_sky/model.py -> build/bdist.macosx-10.13-universal2/wheel/./akutou_sky
copying build/lib/akutou_sky/explorer.py -> build/bdist.macosx-10.13-universal2/wheel/./akutou_sky
copying build/lib/akutou_sky/api.py -> build/bdist.macosx-10.13-universal2/wheel/./akutou_sky
copying build/lib/akutou_sky/cli.py -> build/bdist.macosx-10.13-universal2/wheel/./akutou_sky
copying build/lib/akutou_sky/colorimetry.py -> build/bdist.macosx-10.13-universal2/wheel/./akutou_sky
copying build/lib/akutou_sky/py.typed -> build/bdist.macosx-10.13-universal2/wheel/./akutou_sky
creating build/bdist.macosx-10.13-universal2/wheel/akutou_sky/templates
copying build/lib/akutou_sky/templates/atmosphere_explorer.html -> build/bdist.macosx-10.13-universal2/wheel/./akutou_sky/templates
copying build/lib/akutou_sky/provenance.py -> build/bdist.macosx-10.13-universal2/wheel/./akutou_sky
copying build/lib/akutou_sky/__main__.py -> build/bdist.macosx-10.13-universal2/wheel/./akutou_sky
copying build/lib/akutou_sky/data.py -> build/bdist.macosx-10.13-universal2/wheel/./akutou_sky
copying build/lib/akutou_sky/microphysics.py -> build/bdist.macosx-10.13-universal2/wheel/./akutou_sky
copying build/lib/akutou_sky/validation.py -> build/bdist.macosx-10.13-universal2/wheel/./akutou_sky
running install_egg_info
Copying src/akutou_sky.egg-info to build/bdist.macosx-10.13-universal2/wheel/./akutou_sky-0.3.0-py3.13.egg-info
running install_scripts
creating build/bdist.macosx-10.13-universal2/wheel/akutou_sky-0.3.0.dist-info/WHEEL
creating '/Users/asanumawatarushi/Documents/東大天文部/あくとう/output/akutou_sky/dist/.tmp-qa7bjhhu/akutou_sky-0.3.0-py3-none-any.whl' and adding 'build/bdist.macosx-10.13-universal2/wheel' to it
adding 'akutou_sky/__init__.py'
adding 'akutou_sky/__main__.py'
adding 'akutou_sky/_version.py'
adding 'akutou_sky/api.py'
adding 'akutou_sky/cli.py'
adding 'akutou_sky/colorimetry.py'
adding 'akutou_sky/config.py'
adding 'akutou_sky/data.py'
adding 'akutou_sky/delta_m.py'
adding 'akutou_sky/explorer.py'
adding 'akutou_sky/export.py'
adding 'akutou_sky/io.py'
adding 'akutou_sky/microphysics.py'
adding 'akutou_sky/model.py'
adding 'akutou_sky/plotting.py'
adding 'akutou_sky/provenance.py'
adding 'akutou_sky/py.typed'
adding 'akutou_sky/validation.py'
adding 'akutou_sky/templates/atmosphere_explorer.html'
adding 'akutou_sky-0.3.0.dist-info/METADATA'
adding 'akutou_sky-0.3.0.dist-info/WHEEL'
adding 'akutou_sky-0.3.0.dist-info/entry_points.txt'
adding 'akutou_sky-0.3.0.dist-info/top_level.txt'
adding 'akutou_sky-0.3.0.dist-info/RECORD'
removing build/bdist.macosx-10.13-universal2/wheel
akutou_sky-0.3.0-py3-none-any.whl
running sdist
running egg_info
writing src/akutou_sky.egg-info/PKG-INFO
writing dependency_links to src/akutou_sky.egg-info/dependency_links.txt
writing entry points to src/akutou_sky.egg-info/entry_points.txt
writing requirements to src/akutou_sky.egg-info/requires.txt
writing top-level names to src/akutou_sky.egg-info/top_level.txt
reading manifest file 'src/akutou_sky.egg-info/SOURCES.txt'
reading manifest template 'MANIFEST.in'
warning: no previously-included files matching '__pycache__' found anywhere in distribution
warning: no previously-included files matching '*.py[cod]' found anywhere in distribution
warning: no previously-included files matching '.DS_Store' found anywhere in distribution
writing manifest file 'src/akutou_sky.egg-info/SOURCES.txt'
running check
creating akutou_sky-0.3.0
creating akutou_sky-0.3.0/docs
creating akutou_sky-0.3.0/examples
creating akutou_sky-0.3.0/scenarios
creating akutou_sky-0.3.0/src/akutou_sky
creating akutou_sky-0.3.0/src/akutou_sky.egg-info
creating akutou_sky-0.3.0/src/akutou_sky/templates
creating akutou_sky-0.3.0/tests
creating akutou_sky-0.3.0/tools
copying files to akutou_sky-0.3.0...
copying MANIFEST.in -> akutou_sky-0.3.0
copying README.md -> akutou_sky-0.3.0
copying pyproject.toml -> akutou_sky-0.3.0
copying requirements.txt -> akutou_sky-0.3.0
copying setup_environment.sh -> akutou_sky-0.3.0
copying sky.sh -> akutou_sky-0.3.0
copying 改善内容と検証.md -> akutou_sky-0.3.0
copying 科学的根拠と利用上の注意.md -> akutou_sky-0.3.0
copying docs/api.md -> akutou_sky-0.3.0/docs
copying docs/fog-and-dust.md -> akutou_sky-0.3.0/docs
copying docs/model-and-results.md -> akutou_sky-0.3.0/docs
copying docs/numerical-refinement.md -> akutou_sky-0.3.0/docs
copying examples/basic_usage.py -> akutou_sky-0.3.0/examples
copying examples/read_saved_result.py -> akutou_sky-0.3.0/examples
copying scenarios/clear.json -> akutou_sky-0.3.0/scenarios
copying scenarios/hazy.json -> akutou_sky-0.3.0/scenarios
copying scenarios/stratospheric_layer.json -> akutou_sky-0.3.0/scenarios
copying src/akutou_sky/__init__.py -> akutou_sky-0.3.0/src/akutou_sky
copying src/akutou_sky/__main__.py -> akutou_sky-0.3.0/src/akutou_sky
copying src/akutou_sky/_version.py -> akutou_sky-0.3.0/src/akutou_sky
copying src/akutou_sky/api.py -> akutou_sky-0.3.0/src/akutou_sky
copying src/akutou_sky/cli.py -> akutou_sky-0.3.0/src/akutou_sky
copying src/akutou_sky/colorimetry.py -> akutou_sky-0.3.0/src/akutou_sky
copying src/akutou_sky/config.py -> akutou_sky-0.3.0/src/akutou_sky
copying src/akutou_sky/data.py -> akutou_sky-0.3.0/src/akutou_sky
copying src/akutou_sky/delta_m.py -> akutou_sky-0.3.0/src/akutou_sky
copying src/akutou_sky/explorer.py -> akutou_sky-0.3.0/src/akutou_sky
copying src/akutou_sky/export.py -> akutou_sky-0.3.0/src/akutou_sky
copying src/akutou_sky/io.py -> akutou_sky-0.3.0/src/akutou_sky
copying src/akutou_sky/microphysics.py -> akutou_sky-0.3.0/src/akutou_sky
copying src/akutou_sky/model.py -> akutou_sky-0.3.0/src/akutou_sky
copying src/akutou_sky/plotting.py -> akutou_sky-0.3.0/src/akutou_sky
copying src/akutou_sky/provenance.py -> akutou_sky-0.3.0/src/akutou_sky
copying src/akutou_sky/py.typed -> akutou_sky-0.3.0/src/akutou_sky
copying src/akutou_sky/validation.py -> akutou_sky-0.3.0/src/akutou_sky
copying src/akutou_sky.egg-info/PKG-INFO -> akutou_sky-0.3.0/src/akutou_sky.egg-info
copying src/akutou_sky.egg-info/SOURCES.txt -> akutou_sky-0.3.0/src/akutou_sky.egg-info
copying src/akutou_sky.egg-info/dependency_links.txt -> akutou_sky-0.3.0/src/akutou_sky.egg-info
copying src/akutou_sky.egg-info/entry_points.txt -> akutou_sky-0.3.0/src/akutou_sky.egg-info
copying src/akutou_sky.egg-info/requires.txt -> akutou_sky-0.3.0/src/akutou_sky.egg-info
copying src/akutou_sky.egg-info/top_level.txt -> akutou_sky-0.3.0/src/akutou_sky.egg-info
copying src/akutou_sky/templates/atmosphere_explorer.html -> akutou_sky-0.3.0/src/akutou_sky/templates
copying tests/test_library.py -> akutou_sky-0.3.0/tests
copying tests/test_microphysics.py -> akutou_sky-0.3.0/tests
copying tests/test_model.py -> akutou_sky-0.3.0/tests
copying tests/test_refinement.py -> akutou_sky-0.3.0/tests
copying tools/refine_explorer_single_scatter.py -> akutou_sky-0.3.0/tools
copying tools/validate_explorer.py -> akutou_sky-0.3.0/tools
copying tools/verify_physics.py -> akutou_sky-0.3.0/tools
Writing akutou_sky-0.3.0/setup.cfg
Creating tar archive
removing 'akutou_sky-0.3.0' (and everything under it)
akutou_sky-0.3.0.tar.gz
