Requirement already satisfied: appdirs==1.4.4 in /Users/asanumawatarushi/Library/Caches/akutou-science/python313/lib/python3.13/site-packages (from -r output/science/requirements.txt (line 1)) (1.4.4)
Requirement already satisfied: certifi==2026.7.22 in /Users/asanumawatarushi/Library/Caches/akutou-science/python313/lib/python3.13/site-packages (from -r output/science/requirements.txt (line 2)) (2026.7.22)
Collecting cftime==1.6.6 (from -r output/science/requirements.txt (line 3))
  Using cached cftime-1.6.6-cp311-abi3-macosx_11_0_arm64.whl.metadata (8.7 kB)
Requirement already satisfied: charset-normalizer==3.5.2 in /Users/asanumawatarushi/Library/Caches/akutou-science/python313/lib/python3.13/site-packages (from -r output/science/requirements.txt (line 4)) (3.5.2)
Collecting colour-science==0.4.7 (from -r output/science/requirements.txt (line 5))
  Using cached colour_science-0.4.7-py3-none-any.whl.metadata (59 kB)
Requirement already satisfied: contourpy==1.4.0 in /Users/asanumawatarushi/Library/Caches/akutou-science/python313/lib/python3.13/site-packages (from -r output/science/requirements.txt (line 6)) (1.4.0)
Requirement already satisfied: cycler==0.12.1 in /Users/asanumawatarushi/Library/Caches/akutou-science/python313/lib/python3.13/site-packages (from -r output/science/requirements.txt (line 7)) (0.12.1)
Requirement already satisfied: fonttools==4.66.1 in /Users/asanumawatarushi/Library/Caches/akutou-science/python313/lib/python3.13/site-packages (from -r output/science/requirements.txt (line 8)) (4.66.1)
Requirement already satisfied: kiwisolver==1.5.1 in /Users/asanumawatarushi/Library/Caches/akutou-science/python313/lib/python3.13/site-packages (from -r output/science/requirements.txt (line 9)) (1.5.1)
Collecting matplotlib==3.11.2 (from -r output/science/requirements.txt (line 10))
  Using cached matplotlib-3.11.2-cp313-cp313-macosx_11_0_arm64.whl.metadata (80 kB)
Collecting netCDF4==1.7.4 (from -r output/science/requirements.txt (line 11))
  Using cached netcdf4-1.7.4-cp311-abi3-macosx_14_0_arm64.whl.metadata (2.1 kB)
Requirement already satisfied: numpy==2.5.3 in /Users/asanumawatarushi/Library/Caches/akutou-science/python313/lib/python3.13/site-packages (from -r output/science/requirements.txt (line 12)) (2.5.3)
Requirement already satisfied: packaging==26.3 in /Users/asanumawatarushi/Library/Caches/akutou-science/python313/lib/python3.13/site-packages (from -r output/science/requirements.txt (line 13)) (26.3)
Collecting pandas==3.0.6 (from -r output/science/requirements.txt (line 14))
  Using cached pandas-3.0.6-cp313-cp313-macosx_11_0_arm64.whl.metadata (79 kB)
Requirement already satisfied: pillow==12.3.0 in /Users/asanumawatarushi/Library/Caches/akutou-science/python313/lib/python3.13/site-packages (from -r output/science/requirements.txt (line 15)) (12.3.0)
Requirement already satisfied: pyparsing==3.3.3 in /Users/asanumawatarushi/Library/Caches/akutou-science/python313/lib/python3.13/site-packages (from -r output/science/requirements.txt (line 16)) (3.3.3)
Requirement already satisfied: python-dateutil==2.9.0.post0 in /Users/asanumawatarushi/Library/Caches/akutou-science/python313/lib/python3.13/site-packages (from -r output/science/requirements.txt (line 17)) (2.9.0.post0)
Requirement already satisfied: PyYAML==6.0.3 in /Users/asanumawatarushi/Library/Caches/akutou-science/python313/lib/python3.13/site-packages (from -r output/science/requirements.txt (line 18)) (6.0.3)
Requirement already satisfied: reportlab==5.0.1 in /Users/asanumawatarushi/Library/Caches/akutou-science/python313/lib/python3.13/site-packages (from -r output/science/requirements.txt (line 19)) (5.0.1)
Collecting sasktran2==2026.10.0 (from -r output/science/requirements.txt (line 20))
  Using cached sasktran2-2026.10.0-cp39-abi3-macosx_14_0_arm64.whl.metadata (4.2 kB)
Requirement already satisfied: scipy==1.18.1 in /Users/asanumawatarushi/Library/Caches/akutou-science/python313/lib/python3.13/site-packages (from -r output/science/requirements.txt (line 21)) (1.18.1)
Requirement already satisfied: six==1.17.0 in /Users/asanumawatarushi/Library/Caches/akutou-science/python313/lib/python3.13/site-packages (from -r output/science/requirements.txt (line 22)) (1.17.0)
Collecting xarray==2026.9.0 (from -r output/science/requirements.txt (line 23))
  Using cached xarray-2026.9.0-py3-none-any.whl.metadata (12 kB)
Using cached cftime-1.6.6-cp311-abi3-macosx_11_0_arm64.whl (543 kB)
Using cached colour_science-0.4.7-py3-none-any.whl (9.1 MB)
Using cached matplotlib-3.11.2-cp313-cp313-macosx_11_0_arm64.whl (9.3 MB)
Using cached netcdf4-1.7.4-cp311-abi3-macosx_14_0_arm64.whl (22.8 MB)
Using cached pandas-3.0.6-cp313-cp313-macosx_11_0_arm64.whl (10.1 MB)
Using cached sasktran2-2026.10.0-cp39-abi3-macosx_14_0_arm64.whl (10.8 MB)
Using cached xarray-2026.9.0-py3-none-any.whl (1.4 MB)
Installing collected packages: colour-science, cftime, pandas, netCDF4, matplotlib, xarray, sasktran2
Successfully installed cftime-1.6.6 colour-science-0.4.7 matplotlib-3.11.2 netCDF4-1.7.4 pandas-3.0.6 sasktran2-2026.10.0 xarray-2026.9.0

[notice] A new release of pip is available: 24.2 -> 26.2.1
[notice] To update, run: /Users/asanumawatarushi/Library/Caches/akutou-science/python313/bin/python -m pip install --upgrade pip
