Starting humid-split16-26
Geometry: 112 atmospheric / 47 source altitudes, 41 horizontal columns, 26 angular nodes, 1 Stokes parameters; 90 viewing rays
wavelengths 1..1/10, elapsed 14.2s
wavelengths 2..2/10, elapsed 14.6s
wavelengths 3..3/10, elapsed 15.0s
wavelengths 4..4/10, elapsed 15.4s
wavelengths 5..5/10, elapsed 15.7s
wavelengths 6..6/10, elapsed 16.0s
wavelengths 7..7/10, elapsed 16.4s
wavelengths 8..8/10, elapsed 16.7s
wavelengths 9..9/10, elapsed 17.0s
wavelengths 10..10/10, elapsed 17.3s
humid-split16-26 17.6 peakMB 4079.583232
Starting humid-split16-50
Geometry: 112 atmospheric / 47 source altitudes, 41 horizontal columns, 50 angular nodes, 1 Stokes parameters; 90 viewing rays
wavelengths 1..1/10, elapsed 22.8s
wavelengths 2..2/10, elapsed 23.5s
wavelengths 3..3/10, elapsed 24.1s
wavelengths 4..4/10, elapsed 24.7s
wavelengths 5..5/10, elapsed 25.3s
wavelengths 6..6/10, elapsed 25.9s
wavelengths 7..7/10, elapsed 26.5s
wavelengths 8..8/10, elapsed 27.0s
wavelengths 9..9/10, elapsed 27.6s
wavelengths 10..10/10, elapsed 28.2s
humid-split16-50 28.3 peakMB 6577.553408
{"max_relative_Y": 0.4912567136412509, "max_delta_xy": 0.018162951690246856, "per_depression": [{"depression_deg": -6.0, "all": {"max_relative_Y": 0.37280152009243667, "median_relative_Y": 0.08377189125941176, "max_delta_xy": 0.018162951690246856}, "above_5deg": {"max_relative_Y": 0.29813586906876416, "median_relative_Y": 0.03328887011944321, "max_delta_xy": 0.018162951690246856}, "below_5deg": {"max_relative_Y": 0.37280152009243667, "median_relative_Y": 0.10264380738310061, "max_delta_xy": 0.014864276969351166}}, {"depression_deg": -3.0, "all": {"max_relative_Y": 0.4912567136412509, "median_relative_Y": 0.050003489624500005, "max_delta_xy": 0.016398819011844704}, "above_5deg": {"max_relative_Y": 0.38562824932263745, "median_relative_Y": 0.026533320188624615, "max_delta_xy": 0.013034892262646296}, "below_5deg": {"max_relative_Y": 0.4912567136412509, "median_relative_Y": 0.1031792201793105, "max_delta_xy": 0.016398819011844704}}, {"depression_deg": 0.0, "all": {"max_relative_Y": 0.4550683304637225, "median_relative_Y": 0.05579466339045759, "max_delta_xy": 0.015144281879528024}, "above_5deg": {"max_relative_Y": 0.40414479551370897, "median_relative_Y": 0.050012123095288116, "max_delta_xy": 0.014600340180494088}, "below_5deg": {"max_relative_Y": 0.4550683304637225, "median_relative_Y": 0.11502210449305467, "max_delta_xy": 0.015144281879528024}}, {"depression_deg": 3.0, "all": {"max_relative_Y": 0.43500988192986306, "median_relative_Y": 0.08745454117423061, "max_delta_xy": 0.017564238589685168}, "above_5deg": {"max_relative_Y": 0.43500988192986306, "median_relative_Y": 0.022626440993741476, "max_delta_xy": 0.015112681694900015}, "below_5deg": {"max_relative_Y": 0.3668129078147238, "median_relative_Y": 0.23068524067028823, "max_delta_xy": 0.017564238589685168}}, {"depression_deg": 6.0, "all": {"max_relative_Y": 0.36569736646922457, "median_relative_Y": 0.12097508161870694, "max_delta_xy": 0.012920056388918431}, "above_5deg": {"max_relative_Y": 0.3088949440668522, "median_relative_Y": 0.04204365155840056, "max_delta_xy": 0.012920056388918431}, "below_5deg": {"max_relative_Y": 0.36569736646922457, "median_relative_Y": 0.22600385897796055, "max_delta_xy": 0.010863754045244516}}]}
Starting humid-split16-86
Geometry: 112 atmospheric / 47 source altitudes, 41 horizontal columns, 86 angular nodes, 1 Stokes parameters; 90 viewing rays
wavelengths 1..1/10, elapsed 47.8s
wavelengths 2..2/10, elapsed 48.9s
wavelengths 3..3/10, elapsed 50.0s
wavelengths 4..4/10, elapsed 51.0s
wavelengths 5..5/10, elapsed 52.0s
wavelengths 6..6/10, elapsed 53.1s
wavelengths 7..7/10, elapsed 54.1s
wavelengths 8..8/10, elapsed 55.1s
wavelengths 9..9/10, elapsed 56.3s
wavelengths 10..10/10, elapsed 57.4s
humid-split16-86 57.7 peakMB 8681.979904
{"max_relative_Y": 0.18031806069556572, "max_delta_xy": 0.013511701560281263, "per_depression": [{"depression_deg": -6.0, "all": {"max_relative_Y": 0.17321825843912064, "median_relative_Y": 0.024681075642145823, "max_delta_xy": 0.0047955892290314035}, "above_5deg": {"max_relative_Y": 0.12222291555326993, "median_relative_Y": 0.01665799469973874, "max_delta_xy": 0.0044891846932518025}, "below_5deg": {"max_relative_Y": 0.17321825843912064, "median_relative_Y": 0.12013297575992224, "max_delta_xy": 0.0047955892290314035}}, {"depression_deg": -3.0, "all": {"max_relative_Y": 0.18031806069556572, "median_relative_Y": 0.023314243692646314, "max_delta_xy": 0.006304876467492487}, "above_5deg": {"max_relative_Y": 0.1438535599101753, "median_relative_Y": 0.013522928090517906, "max_delta_xy": 0.006304876467492487}, "below_5deg": {"max_relative_Y": 0.18031806069556572, "median_relative_Y": 0.14339909358833003, "max_delta_xy": 0.005447658933356829}}, {"depression_deg": 0.0, "all": {"max_relative_Y": 0.15735323839105014, "median_relative_Y": 0.04071198081708349, "max_delta_xy": 0.007135495351156748}, "above_5deg": {"max_relative_Y": 0.11280433955368457, "median_relative_Y": 0.021357965794966384, "max_delta_xy": 0.007135495351156748}, "below_5deg": {"max_relative_Y": 0.15735323839105014, "median_relative_Y": 0.09307733149246512, "max_delta_xy": 0.007012013962926591}}, {"depression_deg": 3.0, "all": {"max_relative_Y": 0.1538206164077509, "median_relative_Y": 0.049822411291836455, "max_delta_xy": 0.008621245685180011}, "above_5deg": {"max_relative_Y": 0.11026179077350268, "median_relative_Y": 0.012366695302097655, "max_delta_xy": 0.007941518383586605}, "below_5deg": {"max_relative_Y": 0.1538206164077509, "median_relative_Y": 0.12838565132973512, "max_delta_xy": 0.008621245685180011}}, {"depression_deg": 6.0, "all": {"max_relative_Y": 0.15485333546275565, "median_relative_Y": 0.027534199753523093, "max_delta_xy": 0.013511701560281263}, "above_5deg": {"max_relative_Y": 0.0735378803494933, "median_relative_Y": 0.01801098585358471, "max_delta_xy": 0.011291515870042883}, "below_5deg": {"max_relative_Y": 0.15485333546275565, "median_relative_Y": 0.1182118267794866, "max_delta_xy": 0.013511701560281263}}]}
Starting humid-split16-110
Geometry: 112 atmospheric / 47 source altitudes, 41 horizontal columns, 110 angular nodes, 1 Stokes parameters; 90 viewing rays
wavelengths 1..1/10, elapsed 66.7s
wavelengths 2..2/10, elapsed 68.2s
wavelengths 3..3/10, elapsed 69.6s
wavelengths 4..4/10, elapsed 71.0s
wavelengths 5..5/10, elapsed 72.3s
wavelengths 6..6/10, elapsed 73.6s
wavelengths 7..7/10, elapsed 74.9s
wavelengths 8..8/10, elapsed 76.2s
wavelengths 9..9/10, elapsed 77.5s
wavelengths 10..10/10, elapsed 78.8s
humid-split16-110 80.5 peakMB 9816.817664
{"max_relative_Y": 0.164720975090072, "max_delta_xy": 0.015377416743376704, "per_depression": [{"depression_deg": -6.0, "all": {"max_relative_Y": 0.1564345617867673, "median_relative_Y": 0.016375814884998736, "max_delta_xy": 0.00372276519246189}, "above_5deg": {"max_relative_Y": 0.07502810250633311, "median_relative_Y": 0.0050237594684685504, "max_delta_xy": 0.00372276519246189}, "below_5deg": {"max_relative_Y": 0.1564345617867673, "median_relative_Y": 0.059675922628066924, "max_delta_xy": 0.0028897474962438635}}, {"depression_deg": -3.0, "all": {"max_relative_Y": 0.14182144035021244, "median_relative_Y": 0.021579007880610894, "max_delta_xy": 0.005686048674319616}, "above_5deg": {"max_relative_Y": 0.05263709983712094, "median_relative_Y": 0.007298820857945015, "max_delta_xy": 0.00410745655810121}, "below_5deg": {"max_relative_Y": 0.14182144035021244, "median_relative_Y": 0.04714067520276638, "max_delta_xy": 0.005686048674319616}}, {"depression_deg": 0.0, "all": {"max_relative_Y": 0.164720975090072, "median_relative_Y": 0.01788544782023083, "max_delta_xy": 0.015377416743376704}, "above_5deg": {"max_relative_Y": 0.11839409697847558, "median_relative_Y": 0.006082895846677313, "max_delta_xy": 0.008182259406516514}, "below_5deg": {"max_relative_Y": 0.164720975090072, "median_relative_Y": 0.03506753686440761, "max_delta_xy": 0.015377416743376704}}, {"depression_deg": 3.0, "all": {"max_relative_Y": 0.07838373140809922, "median_relative_Y": 0.013566222304745829, "max_delta_xy": 0.007162326210777036}, "above_5deg": {"max_relative_Y": 0.04522090227255393, "median_relative_Y": 0.004874013487301338, "max_delta_xy": 0.006021675353874285}, "below_5deg": {"max_relative_Y": 0.07838373140809922, "median_relative_Y": 0.037392943068683654, "max_delta_xy": 0.007162326210777036}}, {"depression_deg": 6.0, "all": {"max_relative_Y": 0.08658887717821821, "median_relative_Y": 0.036407695069318805, "max_delta_xy": 0.01025064901693615}, "above_5deg": {"max_relative_Y": 0.04995913170917389, "median_relative_Y": 0.03128237696226583, "max_delta_xy": 0.01025064901693615}, "below_5deg": {"max_relative_Y": 0.08658887717821821, "median_relative_Y": 0.05992046556261395, "max_delta_xy": 0.00900289493515074}}]}
