running sdist
running egg_info
writing src/akutou_sky.egg-info/PKG-INFO
writing dependency_links to src/akutou_sky.egg-info/dependency_links.txt
writing entry points to src/akutou_sky.egg-info/entry_points.txt
writing requirements to src/akutou_sky.egg-info/requires.txt
writing top-level names to src/akutou_sky.egg-info/top_level.txt
reading manifest file 'src/akutou_sky.egg-info/SOURCES.txt'
reading manifest template 'MANIFEST.in'
warning: no previously-included files matching '__pycache__' found anywhere in distribution
warning: no previously-included files matching '*.py[cod]' found anywhere in distribution
warning: no previously-included files matching '.DS_Store' found anywhere in distribution
writing manifest file 'src/akutou_sky.egg-info/SOURCES.txt'
running check
creating akutou_sky-0.1.0
creating akutou_sky-0.1.0/docs
creating akutou_sky-0.1.0/examples
creating akutou_sky-0.1.0/scenarios
creating akutou_sky-0.1.0/src/akutou_sky
creating akutou_sky-0.1.0/src/akutou_sky.egg-info
creating akutou_sky-0.1.0/tests
creating akutou_sky-0.1.0/tools
copying files to akutou_sky-0.1.0...
copying MANIFEST.in -> akutou_sky-0.1.0
copying README.md -> akutou_sky-0.1.0
copying pyproject.toml -> akutou_sky-0.1.0
copying requirements.txt -> akutou_sky-0.1.0
copying setup_environment.sh -> akutou_sky-0.1.0
copying sky.sh -> akutou_sky-0.1.0
copying 改善内容と検証.md -> akutou_sky-0.1.0
copying 科学的根拠と利用上の注意.md -> akutou_sky-0.1.0
copying docs/api.md -> akutou_sky-0.1.0/docs
copying docs/model-and-results.md -> akutou_sky-0.1.0/docs
copying examples/basic_usage.py -> akutou_sky-0.1.0/examples
copying examples/read_saved_result.py -> akutou_sky-0.1.0/examples
copying scenarios/clear.json -> akutou_sky-0.1.0/scenarios
copying scenarios/hazy.json -> akutou_sky-0.1.0/scenarios
copying scenarios/stratospheric_layer.json -> akutou_sky-0.1.0/scenarios
copying src/akutou_sky/__init__.py -> akutou_sky-0.1.0/src/akutou_sky
copying src/akutou_sky/__main__.py -> akutou_sky-0.1.0/src/akutou_sky
copying src/akutou_sky/_version.py -> akutou_sky-0.1.0/src/akutou_sky
copying src/akutou_sky/api.py -> akutou_sky-0.1.0/src/akutou_sky
copying src/akutou_sky/cli.py -> akutou_sky-0.1.0/src/akutou_sky
copying src/akutou_sky/colorimetry.py -> akutou_sky-0.1.0/src/akutou_sky
copying src/akutou_sky/config.py -> akutou_sky-0.1.0/src/akutou_sky
copying src/akutou_sky/data.py -> akutou_sky-0.1.0/src/akutou_sky
copying src/akutou_sky/export.py -> akutou_sky-0.1.0/src/akutou_sky
copying src/akutou_sky/io.py -> akutou_sky-0.1.0/src/akutou_sky
copying src/akutou_sky/model.py -> akutou_sky-0.1.0/src/akutou_sky
copying src/akutou_sky/plotting.py -> akutou_sky-0.1.0/src/akutou_sky
copying src/akutou_sky/provenance.py -> akutou_sky-0.1.0/src/akutou_sky
copying src/akutou_sky/py.typed -> akutou_sky-0.1.0/src/akutou_sky
copying src/akutou_sky/validation.py -> akutou_sky-0.1.0/src/akutou_sky
copying src/akutou_sky.egg-info/PKG-INFO -> akutou_sky-0.1.0/src/akutou_sky.egg-info
copying src/akutou_sky.egg-info/SOURCES.txt -> akutou_sky-0.1.0/src/akutou_sky.egg-info
copying src/akutou_sky.egg-info/dependency_links.txt -> akutou_sky-0.1.0/src/akutou_sky.egg-info
copying src/akutou_sky.egg-info/entry_points.txt -> akutou_sky-0.1.0/src/akutou_sky.egg-info
copying src/akutou_sky.egg-info/requires.txt -> akutou_sky-0.1.0/src/akutou_sky.egg-info
copying src/akutou_sky.egg-info/top_level.txt -> akutou_sky-0.1.0/src/akutou_sky.egg-info
copying tests/test_library.py -> akutou_sky-0.1.0/tests
copying tests/test_model.py -> akutou_sky-0.1.0/tests
copying tools/verify_physics.py -> akutou_sky-0.1.0/tools
Writing akutou_sky-0.1.0/setup.cfg
Creating tar archive
removing 'akutou_sky-0.1.0' (and everything under it)
akutou_sky-0.1.0.tar.gz
